2026-07-24 00:25:21,567 | INFO | Jarvis Started
2026-07-24 00:25:27,568 | INFO | Processing audio with duration 00:05.000
2026-07-24 00:25:28,346 | INFO | Detected language 'en' with probability 0.66
2026-07-24 00:25:29,072 | INFO | User Command: Good name
2026-07-24 00:25:40,441 | INFO | HTTP Request: POST http://127.0.0.1:11434/api/chat "HTTP/1.1 200 OK"
2026-07-24 00:25:59,872 | INFO | Processing audio with duration 00:05.000
2026-07-24 00:26:00,719 | INFO | Detected language 'nn' with probability 0.34
2026-07-24 00:26:09,105 | INFO | User Command: 
2026-07-24 00:26:15,240 | INFO | Processing audio with duration 00:05.000
2026-07-24 00:26:15,985 | INFO | Detected language 'ru' with probability 0.43
2026-07-24 00:26:16,738 | INFO | User Command: \u042d\u043a\u0437\u0438\u0442
2026-07-24 00:26:19,199 | INFO | HTTP Request: POST http://127.0.0.1:11434/api/chat "HTTP/1.1 200 OK"
2026-07-24 14:56:29,911 | INFO | Jarvis Started
2026-07-24 14:58:32,160 | INFO | Processing audio with duration 00:05.000
2026-07-24 14:58:33,626 | INFO | Detected language 'en' with probability 0.91
2026-07-24 14:58:45,629 | INFO | HTTP Request: POST http://127.0.0.1:11434/api/chat "HTTP/1.1 200 OK"
2026-07-24 14:59:05,637 | INFO | Processing audio with duration 00:05.000
2026-07-24 14:59:06,308 | INFO | Detected language 'en' with probability 0.89
2026-07-24 14:59:11,773 | INFO | HTTP Request: POST http://127.0.0.1:11434/api/chat "HTTP/1.1 200 OK"
2026-07-24 15:07:33,124 | INFO | Processing audio with duration 00:05.000
2026-07-24 15:07:33,931 | INFO | Detected language 'de' with probability 0.19
2026-07-24 15:08:12,983 | INFO | Processing audio with duration 00:05.000
2026-07-24 15:08:13,866 | INFO | Detected language 'pl' with probability 0.42
2026-07-24 15:08:36,181 | INFO | Processing audio with duration 00:05.000
2026-07-24 15:08:37,207 | INFO | Detected language 'en' with probability 0.91
2026-07-24 15:08:41,426 | INFO | HTTP Request: POST http://127.0.0.1:11434/api/chat "HTTP/1.1 200 OK"
2026-07-24 15:09:06,088 | INFO | Processing audio with duration 00:05.000
2026-07-24 15:09:06,863 | INFO | Detected language 'en' with probability 0.42
2026-07-24 15:09:10,701 | INFO | HTTP Request: POST http://127.0.0.1:11434/api/chat "HTTP/1.1 200 OK"
2026-07-24 15:10:11,055 | INFO | Processing audio with duration 00:05.000
2026-07-24 15:10:11,842 | INFO | Detected language 'nn' with probability 0.36
2026-07-24 15:10:21,140 | INFO | Processing audio with duration 00:05.000
2026-07-24 15:10:21,906 | INFO | Detected language 'nn' with probability 0.36
2026-07-24 15:10:36,094 | INFO | Processing audio with duration 00:05.000
2026-07-24 15:10:36,619 | INFO | Detected language 'nn' with probability 0.84
2026-07-24 15:10:45,538 | INFO | HTTP Request: POST http://127.0.0.1:11434/api/chat "HTTP/1.1 200 OK"
2026-07-24 15:11:03,463 | INFO | Processing audio with duration 00:05.000
2026-07-24 15:11:04,147 | INFO | Detected language 'en' with probability 0.83
2026-07-24 15:11:08,502 | INFO | HTTP Request: POST http://127.0.0.1:11434/api/chat "HTTP/1.1 200 OK"
2026-07-24 15:11:35,659 | INFO | Processing audio with duration 00:05.000
2026-07-24 15:11:36,447 | INFO | Detected language 'en' with probability 0.44
2026-07-24 15:11:40,294 | INFO | HTTP Request: POST http://127.0.0.1:11434/api/chat "HTTP/1.1 200 OK"
2026-07-24 15:12:01,415 | INFO | Processing audio with duration 00:05.000
2026-07-24 15:12:02,172 | INFO | Detected language 'en' with probability 0.85
2026-07-24 15:12:08,767 | INFO | HTTP Request: POST http://127.0.0.1:11434/api/chat "HTTP/1.1 200 OK"
2026-07-24 15:13:01,467 | INFO | Processing audio with duration 00:05.000
2026-07-24 15:13:02,389 | INFO | Detected language 'nn' with probability 0.48
2026-07-25 20:55:33,914 | INFO | Processing audio with duration 00:05.000
2026-07-25 20:55:34,891 | INFO | Detected language 'en' with probability 0.59
2026-07-25 20:56:12,284 | INFO | Processing audio with duration 00:05.000
2026-07-25 20:56:13,097 | INFO | Detected language 'en' with probability 0.83
2026-07-25 20:56:14,025 | INFO | Skill Executed: open_website
2026-07-25 20:56:19,738 | INFO | Processing audio with duration 00:05.000
2026-07-25 20:56:20,551 | INFO | Detected language 'nn' with probability 0.70
2026-07-25 20:56:34,530 | INFO | Processing audio with duration 00:05.000
2026-07-25 20:56:35,469 | INFO | Detected language 'en' with probability 0.36
2026-07-25 20:56:40,070 | INFO | HTTP Request: POST http://127.0.0.1:11434/api/chat "HTTP/1.1 200 OK"
2026-07-25 20:57:00,307 | INFO | Processing audio with duration 00:05.000
2026-07-25 20:57:01,167 | INFO | Detected language 'en' with probability 0.77
2026-07-25 20:57:02,074 | INFO | Skill Executed: open_website
2026-07-25 20:57:07,935 | INFO | Processing audio with duration 00:05.000
2026-07-25 20:57:08,848 | INFO | Detected language 'nn' with probability 0.33
2026-07-25 20:57:12,471 | INFO | HTTP Request: POST http://127.0.0.1:11434/api/chat "HTTP/1.1 200 OK"
2026-07-25 20:57:28,065 | INFO | Processing audio with duration 00:05.000
2026-07-25 20:57:28,770 | INFO | Detected language 'nn' with probability 0.58
2026-07-25 21:00:54,944 | INFO | Processing audio with duration 00:05.000
2026-07-25 21:00:55,746 | INFO | Detected language 'en' with probability 0.22
2026-07-25 21:01:40,862 | INFO | Processing audio with duration 00:05.000
2026-07-25 21:01:41,666 | INFO | Detected language 'en' with probability 0.52
2026-07-25 21:02:12,834 | INFO | Processing audio with duration 00:05.000
2026-07-25 21:02:13,617 | INFO | Detected language 'en' with probability 0.44
2026-07-25 21:02:17,826 | INFO | HTTP Request: POST http://127.0.0.1:11434/api/chat "HTTP/1.1 200 OK"
2026-07-25 21:02:38,204 | INFO | Processing audio with duration 00:05.000
2026-07-25 21:02:38,973 | INFO | Detected language 'en' with probability 0.43
2026-07-25 21:02:43,080 | INFO | HTTP Request: POST http://127.0.0.1:11434/api/chat "HTTP/1.1 200 OK"
2026-07-25 21:03:05,116 | INFO | Processing audio with duration 00:05.000
2026-07-25 21:03:05,854 | INFO | Detected language 'en' with probability 0.31
2026-07-25 21:03:11,168 | INFO | HTTP Request: POST http://127.0.0.1:11434/api/chat "HTTP/1.1 200 OK"
2026-07-25 21:03:38,617 | INFO | Processing audio with duration 00:05.000
2026-07-25 21:03:39,399 | INFO | Detected language 'en' with probability 0.31
2026-07-25 21:03:44,939 | INFO | HTTP Request: POST http://127.0.0.1:11434/api/chat "HTTP/1.1 200 OK"
2026-07-25 21:04:09,836 | INFO | Processing audio with duration 00:05.000
2026-07-25 21:04:10,544 | INFO | Detected language 'en' with probability 0.41
2026-07-25 21:04:11,392 | INFO | Skill Executed: app_launcher
2026-07-25 21:04:17,211 | INFO | Processing audio with duration 00:05.000
2026-07-25 21:04:17,943 | INFO | Detected language 'nn' with probability 0.35
2026-07-25 21:04:33,694 | INFO | Processing audio with duration 00:05.000
2026-07-25 21:04:34,477 | INFO | Detected language 'en' with probability 0.40
2026-07-25 21:04:41,148 | INFO | Processing audio with duration 00:05.000
2026-07-25 21:04:41,926 | INFO | Detected language 'en' with probability 0.35
2026-07-25 21:04:48,503 | INFO | Processing audio with duration 00:05.000
2026-07-25 21:04:49,236 | INFO | Detected language 'nn' with probability 0.44
2026-07-25 21:06:19,154 | INFO | Processing audio with duration 00:05.000
2026-07-25 21:06:20,035 | INFO | Detected language 'en' with probability 0.41
2026-07-25 21:06:24,001 | INFO | HTTP Request: POST http://127.0.0.1:11434/api/chat "HTTP/1.1 200 OK"
2026-07-25 21:06:53,254 | INFO | Processing audio with duration 00:05.000
2026-07-25 21:06:53,975 | INFO | Detected language 'ko' with probability 0.57
2026-07-25 21:07:20,522 | INFO | Processing audio with duration 00:05.000
2026-07-25 21:07:21,387 | INFO | Detected language 'en' with probability 0.57
2026-07-25 21:07:22,106 | INFO | Skill Executed: app_launcher
2026-07-25 21:07:28,030 | INFO | Processing audio with duration 00:05.000
2026-07-25 21:07:28,901 | INFO | Detected language 'nn' with probability 0.37
2026-07-25 21:07:44,670 | INFO | Processing audio with duration 00:05.000
2026-07-25 21:07:45,381 | INFO | Detected language 'en' with probability 0.75
2026-07-25 21:07:46,078 | INFO | Skill Executed: app_launcher
2026-07-25 21:07:51,979 | INFO | Processing audio with duration 00:05.000
2026-07-25 21:07:52,640 | INFO | Detected language 'nn' with probability 0.45
2026-07-25 21:08:06,368 | INFO | Processing audio with duration 00:05.000
2026-07-25 21:08:07,027 | INFO | Detected language 'en' with probability 0.70
2026-07-25 21:08:11,291 | INFO | HTTP Request: POST http://127.0.0.1:11434/api/chat "HTTP/1.1 200 OK"
2026-07-25 23:37:15,976 | INFO | Processing audio with duration 00:05.000
2026-07-25 23:37:16,949 | INFO | Detected language 'en' with probability 0.90
2026-07-25 23:38:25,366 | INFO | Processing audio with duration 00:05.000
2026-07-25 23:38:26,187 | INFO | Detected language 'en' with probability 0.70
2026-07-25 23:38:53,861 | INFO | Processing audio with duration 00:05.000
2026-07-25 23:38:54,694 | INFO | Detected language 'en' with probability 0.83
2026-07-25 23:39:23,791 | INFO | Processing audio with duration 00:05.000
2026-07-25 23:39:24,668 | INFO | Detected language 'en' with probability 0.70
2026-07-25 23:39:30,170 | INFO | HTTP Request: POST http://127.0.0.1:11434/api/chat "HTTP/1.1 200 OK"
2026-07-25 23:39:57,161 | INFO | Processing audio with duration 00:05.000
2026-07-25 23:39:57,923 | INFO | Detected language 'en' with probability 0.36
2026-07-25 23:39:58,616 | INFO | Skill Executed: app_launcher
2026-07-25 23:40:04,459 | INFO | Processing audio with duration 00:05.000
2026-07-25 23:40:05,415 | INFO | Detected language 'en' with probability 0.43
2026-07-25 23:40:11,910 | INFO | Processing audio with duration 00:05.000
2026-07-25 23:40:12,562 | INFO | Detected language 'en' with probability 0.23
2026-07-25 23:40:13,273 | INFO | Skill Executed: app_launcher
2026-07-25 23:40:18,974 | INFO | Processing audio with duration 00:05.000
2026-07-25 23:40:19,690 | INFO | Detected language 'en' with probability 0.36
2026-07-25 23:40:26,097 | INFO | Processing audio with duration 00:05.000
2026-07-25 23:40:26,788 | INFO | Detected language 'en' with probability 0.35
2026-07-25 23:40:33,227 | INFO | Processing audio with duration 00:05.000
2026-07-25 23:40:33,924 | INFO | Detected language 'en' with probability 0.58
2026-07-25 23:40:37,339 | INFO | HTTP Request: POST http://127.0.0.1:11434/api/chat "HTTP/1.1 200 OK"
2026-07-25 23:40:59,061 | INFO | Processing audio with duration 00:05.000
2026-07-25 23:40:59,731 | INFO | Detected language 'ko' with probability 0.95
2026-07-25 23:41:06,072 | INFO | HTTP Request: POST http://127.0.0.1:11434/api/chat "HTTP/1.1 200 OK"
2026-07-25 23:41:38,446 | INFO | Processing audio with duration 00:05.000
2026-07-25 23:41:39,119 | INFO | Detected language 'en' with probability 0.62
2026-07-25 23:41:42,410 | INFO | HTTP Request: POST http://127.0.0.1:11434/api/chat "HTTP/1.1 200 OK"
2026-07-25 23:51:37,585 | INFO | Processing audio with duration 00:05.000
2026-07-25 23:51:38,438 | INFO | Detected language 'en' with probability 0.67
2026-07-25 23:51:39,514 | INFO | Skill Executed: open_file
2026-07-25 23:51:45,396 | INFO | Processing audio with duration 00:05.000
2026-07-25 23:51:46,014 | INFO | Detected language 'en' with probability 0.36
2026-07-25 23:51:52,581 | INFO | Processing audio with duration 00:05.000
2026-07-25 23:51:53,293 | INFO | Detected language 'nn' with probability 0.50
2026-07-25 23:52:06,151 | INFO | Processing audio with duration 00:05.000
2026-07-25 23:52:06,925 | INFO | Detected language 'ru' with probability 0.74
2026-07-25 23:52:20,752 | INFO | HTTP Request: POST http://127.0.0.1:11434/api/chat "HTTP/1.1 200 OK"
2026-07-25 23:52:30,240 | INFO | Processing audio with duration 00:05.000
2026-07-25 23:52:30,956 | INFO | Detected language 'en' with probability 0.38
2026-07-25 23:52:37,653 | INFO | Processing audio with duration 00:05.000
2026-07-25 23:52:38,379 | INFO | Detected language 'nn' with probability 0.52
2026-07-25 23:52:51,717 | INFO | Processing audio with duration 00:05.000
2026-07-25 23:52:52,402 | INFO | Detected language 'en' with probability 0.73
2026-07-25 23:52:56,851 | INFO | HTTP Request: POST http://127.0.0.1:11434/api/chat "HTTP/1.1 200 OK"
2026-07-25 23:53:08,162 | INFO | Processing audio with duration 00:05.000
2026-07-25 23:53:08,866 | INFO | Detected language 'en' with probability 0.73
2026-07-25 23:53:09,964 | INFO | Skill Executed: open_file
2026-07-25 23:53:15,773 | INFO | Processing audio with duration 00:05.000
2026-07-25 23:56:31,709 | INFO | Processing audio with duration 00:05.000
2026-07-25 23:56:32,506 | INFO | Detected language 'en' with probability 0.34
2026-07-25 23:56:35,907 | INFO | HTTP Request: POST http://127.0.0.1:11434/api/chat "HTTP/1.1 200 OK"
2026-07-25 23:56:49,625 | INFO | Processing audio with duration 00:05.000
2026-07-25 23:56:50,417 | INFO | Detected language 'en' with probability 0.21
2026-07-25 23:56:51,507 | INFO | Skill Executed: launch
2026-07-25 23:56:57,306 | INFO | Processing audio with duration 00:05.000
2026-07-25 23:56:57,993 | INFO | Detected language 'ru' with probability 0.47
2026-07-25 23:57:03,613 | INFO | HTTP Request: POST http://127.0.0.1:11434/api/chat "HTTP/1.1 200 OK"
2026-07-25 23:57:19,995 | INFO | Processing audio with duration 00:05.000
2026-07-25 23:57:20,664 | INFO | Detected language 'la' with probability 0.19
2026-07-25 23:57:26,337 | INFO | HTTP Request: POST http://127.0.0.1:11434/api/chat "HTTP/1.1 200 OK"
2026-07-25 23:57:49,301 | INFO | Processing audio with duration 00:05.000
2026-07-25 23:57:49,990 | INFO | Detected language 'nn' with probability 0.34
2026-07-25 23:57:53,285 | INFO | HTTP Request: POST http://127.0.0.1:11434/api/chat "HTTP/1.1 200 OK"
2026-07-25 23:58:14,601 | INFO | Processing audio with duration 00:05.000
2026-07-25 23:58:15,268 | INFO | Detected language 'en' with probability 0.78
2026-07-25 23:58:19,509 | INFO | HTTP Request: POST http://127.0.0.1:11434/api/chat "HTTP/1.1 200 OK"
2026-07-25 23:58:44,487 | INFO | Processing audio with duration 00:05.000
2026-07-25 23:58:45,394 | INFO | Detected language 'en' with probability 0.28
2026-07-25 23:58:46,224 | INFO | Skill Executed: open_file
2026-07-25 23:58:52,014 | INFO | Processing audio with duration 00:05.000
2026-07-25 23:58:52,833 | INFO | Detected language 'en' with probability 0.58
2026-07-26 00:03:55,217 | INFO | Processing audio with duration 00:05.000
2026-07-26 00:03:56,012 | INFO | Detected language 'en' with probability 0.81
2026-07-26 00:04:07,137 | INFO | HTTP Request: POST http://127.0.0.1:11434/api/chat "HTTP/1.1 200 OK"
2026-07-26 00:04:17,862 | INFO | Skill Executed: launch
2026-07-26 00:04:23,559 | INFO | Processing audio with duration 00:05.000
2026-07-26 00:04:24,269 | INFO | Detected language 'en' with probability 0.43
2026-07-26 00:04:30,856 | INFO | Processing audio with duration 00:05.000
2026-07-26 00:04:31,527 | INFO | Detected language 'en' with probability 0.79
2026-07-26 00:04:32,426 | INFO | Skill Executed: launch
2026-07-26 00:04:35,431 | INFO | HTTP Request: POST http://127.0.0.1:11434/api/chat "HTTP/1.1 200 OK"
2026-07-26 00:04:53,610 | INFO | Processing audio with duration 00:05.000
2026-07-26 00:04:54,321 | INFO | Detected language 'en' with probability 0.72
2026-07-26 00:04:55,249 | INFO | Skill Executed: launch
2026-07-26 00:04:55,430 | INFO | Skill Executed: launch
2026-07-26 00:05:01,145 | INFO | Processing audio with duration 00:05.000
2026-07-26 00:09:18,105 | INFO | Processing audio with duration 00:05.000
2026-07-26 00:09:19,029 | INFO | Detected language 'en' with probability 0.90
2026-07-26 00:09:23,021 | INFO | HTTP Request: POST http://127.0.0.1:11434/api/chat "HTTP/1.1 200 OK"
2026-07-26 00:09:23,319 | INFO | Skill Executed: launch
2026-07-26 00:10:21,023 | INFO | Processing audio with duration 00:05.000
2026-07-26 00:10:21,737 | INFO | Detected language 'en' with probability 0.80
2026-07-26 00:10:26,579 | INFO | HTTP Request: POST http://127.0.0.1:11434/api/chat "HTTP/1.1 200 OK"
2026-07-26 00:10:26,845 | INFO | Skill Executed: launch
2026-07-26 00:11:00,983 | INFO | Processing audio with duration 00:05.000
2026-07-26 00:11:01,784 | INFO | Detected language 'en' with probability 0.88
2026-07-26 00:11:06,001 | INFO | HTTP Request: POST http://127.0.0.1:11434/api/chat "HTTP/1.1 200 OK"
2026-07-26 00:11:06,274 | INFO | Skill Executed: launch
2026-07-26 00:11:59,851 | INFO | Processing audio with duration 00:05.000
2026-07-26 00:12:00,635 | INFO | Detected language 'en' with probability 0.94
2026-07-26 00:12:01,604 | INFO | Skill Executed: launch
2026-07-26 00:12:01,867 | INFO | Skill Executed: launch
2026-07-26 00:12:07,776 | INFO | Processing audio with duration 00:05.000
2026-07-26 00:12:08,573 | INFO | Detected language 'en' with probability 0.39
2026-07-26 00:12:11,892 | INFO | HTTP Request: POST http://127.0.0.1:11434/api/chat "HTTP/1.1 200 OK"
2026-07-26 00:12:30,459 | INFO | Processing audio with duration 00:05.000
2026-07-26 00:12:31,153 | INFO | Detected language 'en' with probability 0.82
2026-07-26 00:12:32,142 | INFO | Skill Executed: launch
2026-07-26 00:12:32,339 | INFO | Skill Executed: launch
2026-07-26 00:12:38,275 | INFO | Processing audio with duration 00:05.000
2026-07-26 00:12:39,011 | INFO | Detected language 'nn' with probability 0.31
2026-07-26 00:17:16,871 | INFO | Processing audio with duration 00:05.000
2026-07-26 00:17:17,610 | INFO | Detected language 'en' with probability 0.78
2026-07-26 00:17:29,208 | INFO | HTTP Request: POST http://127.0.0.1:11434/api/chat "HTTP/1.1 200 OK"
2026-07-26 00:17:29,478 | INFO | Skill Executed: launch
2026-07-26 00:17:59,915 | INFO | Processing audio with duration 00:05.000
2026-07-26 00:18:01,099 | INFO | Detected language 'en' with probability 0.68
2026-07-26 00:18:04,917 | INFO | HTTP Request: POST http://127.0.0.1:11434/api/chat "HTTP/1.1 200 OK"
2026-07-26 00:18:05,182 | INFO | Skill Executed: launch
2026-07-26 00:18:33,021 | INFO | Processing audio with duration 00:05.000
2026-07-26 00:18:33,684 | INFO | Detected language 'en' with probability 0.72
2026-07-26 00:18:39,173 | INFO | HTTP Request: POST http://127.0.0.1:11434/api/chat "HTTP/1.1 200 OK"
2026-07-26 00:18:39,442 | INFO | Skill Executed: launch
2026-07-26 00:24:44,481 | INFO | Processing audio with duration 00:05.000
2026-07-26 00:24:45,246 | INFO | Detected language 'en' with probability 0.91
2026-07-26 00:24:57,374 | INFO | HTTP Request: POST http://127.0.0.1:11434/api/chat "HTTP/1.1 200 OK"
2026-07-26 00:25:19,013 | INFO | Processing audio with duration 00:05.000
2026-07-26 00:25:19,792 | INFO | Detected language 'en' with probability 0.81
2026-07-26 00:25:26,587 | INFO | Processing audio with duration 00:05.000
2026-07-26 00:25:27,209 | INFO | Detected language 'nn' with probability 0.33
2026-07-26 00:25:37,824 | INFO | Processing audio with duration 00:05.000
2026-07-26 00:25:38,529 | INFO | Detected language 'en' with probability 0.92
2026-07-26 00:25:45,488 | INFO | Processing audio with duration 00:05.000
2026-07-26 00:25:46,173 | INFO | Detected language 'nn' with probability 0.38
2026-07-26 00:25:50,127 | INFO | HTTP Request: POST http://127.0.0.1:11434/api/chat "HTTP/1.1 200 OK"
2026-07-26 00:29:53,103 | INFO | Processing audio with duration 00:05.000
2026-07-26 00:29:54,012 | INFO | Detected language 'en' with probability 0.51
2026-07-26 00:29:58,481 | INFO | HTTP Request: POST http://127.0.0.1:11434/api/chat "HTTP/1.1 200 OK"
2026-07-26 00:30:22,116 | INFO | Processing audio with duration 00:05.000
2026-07-26 00:30:22,898 | INFO | Detected language 'en' with probability 0.56
2026-07-26 00:30:29,620 | INFO | Processing audio with duration 00:05.000
2026-07-26 00:30:30,300 | INFO | Detected language 'nn' with probability 0.40
2026-07-26 00:30:44,987 | INFO | Processing audio with duration 00:05.000
2026-07-26 00:30:45,697 | INFO | Detected language 'nn' with probability 0.36
2026-07-26 00:30:50,182 | INFO | HTTP Request: POST http://127.0.0.1:11434/api/chat "HTTP/1.1 200 OK"
2026-07-26 11:03:14,509 | INFO | Processing audio with duration 00:05.000
2026-07-26 11:03:15,372 | INFO | Detected language 'en' with probability 0.26
2026-07-26 11:04:04,851 | INFO | Processing audio with duration 00:05.000
2026-07-26 11:04:05,578 | INFO | Detected language 'en' with probability 0.36
2026-07-26 11:04:09,923 | INFO | HTTP Request: POST http://127.0.0.1:11434/api/chat "HTTP/1.1 200 OK"
2026-07-26 11:04:37,165 | INFO | Processing audio with duration 00:05.000
2026-07-26 11:04:37,837 | INFO | Detected language 'th' with probability 0.21
2026-07-26 11:04:42,210 | INFO | HTTP Request: POST http://127.0.0.1:11434/api/chat "HTTP/1.1 200 OK"
2026-07-26 11:04:50,038 | INFO | Processing audio with duration 00:05.000
2026-07-26 11:04:50,733 | INFO | Detected language 'tr' with probability 0.81
2026-07-26 22:57:07,873 | INFO | Processing audio with duration 00:05.000
2026-07-26 22:57:08,763 | INFO | Detected language 'en' with probability 0.71
2026-07-26 22:57:20,555 | INFO | HTTP Request: POST http://127.0.0.1:11434/api/chat "HTTP/1.1 200 OK"
2026-07-26 22:57:38,268 | INFO | Processing audio with duration 00:05.000
2026-07-26 22:57:38,921 | INFO | Detected language 'en' with probability 0.80
2026-07-26 22:57:45,397 | INFO | Processing audio with duration 00:05.000
2026-07-26 22:57:46,103 | INFO | Detected language 'en' with probability 0.83
2026-07-26 22:57:52,830 | INFO | Processing audio with duration 00:05.000
2026-07-26 22:57:53,484 | INFO | Detected language 'en' with probability 0.76
2026-07-26 22:58:00,173 | INFO | Processing audio with duration 00:05.000
2026-07-26 22:58:00,852 | INFO | Detected language 'en' with probability 0.32
2026-07-26 22:58:04,684 | INFO | HTTP Request: POST http://127.0.0.1:11434/api/chat "HTTP/1.1 200 OK"
2026-07-26 23:05:05,736 | INFO | Processing audio with duration 00:05.000
2026-07-26 23:05:06,557 | INFO | Detected language 'en' with probability 0.86
2026-07-26 23:05:54,714 | INFO | Processing audio with duration 00:05.000
2026-07-26 23:05:55,565 | INFO | Detected language 'en' with probability 0.81
2026-07-26 23:05:59,340 | INFO | HTTP Request: POST http://127.0.0.1:11434/api/chat "HTTP/1.1 200 OK"
2026-07-26 23:06:19,122 | INFO | Processing audio with duration 00:05.000
2026-07-26 23:06:19,950 | INFO | Detected language 'en' with probability 0.44
2026-07-26 23:06:24,179 | INFO | HTTP Request: POST http://127.0.0.1:11434/api/chat "HTTP/1.1 200 OK"
2026-07-26 23:08:41,617 | INFO | Processing audio with duration 00:05.000
2026-07-26 23:08:42,450 | INFO | Detected language 'en' with probability 0.87
2026-07-26 23:08:49,039 | INFO | Processing audio with duration 00:05.000
2026-07-26 23:08:49,876 | INFO | Detected language 'nn' with probability 0.37
2026-07-26 23:09:03,565 | INFO | Processing audio with duration 00:05.000
2026-07-26 23:09:04,251 | INFO | Detected language 'en' with probability 0.53
2026-07-26 23:09:10,903 | INFO | Processing audio with duration 00:05.000
2026-07-26 23:09:11,598 | INFO | Detected language 'nn' with probability 0.56
2026-07-26 23:09:26,824 | INFO | Processing audio with duration 00:05.000
2026-07-26 23:09:27,508 | INFO | Detected language 'nn' with probability 0.70
2026-07-26 23:09:38,965 | INFO | HTTP Request: POST http://127.0.0.1:11434/api/chat "HTTP/1.1 200 OK"
2026-07-26 23:10:26,520 | INFO | Processing audio with duration 00:05.000
2026-07-26 23:10:27,322 | INFO | Detected language 'en' with probability 0.69
2026-07-26 23:10:31,456 | INFO | HTTP Request: POST http://127.0.0.1:11434/api/chat "HTTP/1.1 200 OK"
2026-07-26 23:10:56,884 | INFO | Processing audio with duration 00:05.000
2026-07-26 23:10:57,727 | INFO | Detected language 'en' with probability 0.67
2026-07-26 23:11:02,595 | INFO | HTTP Request: POST http://127.0.0.1:11434/api/chat "HTTP/1.1 200 OK"
2026-07-26 23:20:21,833 | INFO | Processing audio with duration 00:05.000
2026-07-26 23:20:22,704 | INFO | Detected language 'en' with probability 0.74
2026-07-26 23:20:35,064 | INFO | HTTP Request: POST http://127.0.0.1:11434/api/chat "HTTP/1.1 200 OK"
2026-07-26 23:21:01,014 | INFO | Processing audio with duration 00:05.000
2026-07-26 23:21:01,827 | INFO | Detected language 'en' with probability 0.58
2026-07-26 23:21:06,776 | INFO | HTTP Request: POST http://127.0.0.1:11434/api/chat "HTTP/1.1 200 OK"
2026-07-26 23:21:37,898 | INFO | Processing audio with duration 00:05.000
2026-07-26 23:21:38,561 | INFO | Detected language 'en' with probability 0.53
2026-07-26 23:21:45,022 | INFO | Processing audio with duration 00:05.000
2026-07-26 23:21:45,721 | INFO | Detected language 'nn' with probability 0.34
2026-07-26 23:21:50,318 | INFO | HTTP Request: POST http://127.0.0.1:11434/api/chat "HTTP/1.1 200 OK"
2026-07-26 23:22:14,244 | INFO | Processing audio with duration 00:05.000
2026-07-26 23:22:15,025 | INFO | Detected language 'en' with probability 0.68
2026-07-26 23:22:21,492 | INFO | Processing audio with duration 00:05.000
2026-07-26 23:22:22,397 | INFO | Detected language 'nn' with probability 0.30
2026-07-26 23:22:54,095 | INFO | Processing audio with duration 00:05.000
2026-07-26 23:22:54,995 | INFO | Detected language 'en' with probability 0.42
2026-07-26 23:22:59,110 | INFO | HTTP Request: POST http://127.0.0.1:11434/api/chat "HTTP/1.1 200 OK"
2026-07-26 23:23:20,167 | INFO | Processing audio with duration 00:05.000
2026-07-26 23:23:20,861 | INFO | Detected language 'en' with probability 0.73
2026-07-26 23:23:21,800 | INFO | Skill Executed: launch
2026-07-26 23:23:27,552 | INFO | Processing audio with duration 00:05.000
2026-07-26 23:23:28,233 | INFO | Detected language 'en' with probability 0.27
2026-07-26 23:23:34,832 | INFO | Processing audio with duration 00:05.000
2026-07-26 23:23:35,568 | INFO | Detected language 'nn' with probability 0.38
2026-07-26 23:23:50,064 | INFO | Processing audio with duration 00:05.000
2026-07-26 23:23:50,753 | INFO | Detected language 'pl' with probability 0.30
2026-07-26 23:23:57,725 | INFO | Processing audio with duration 00:05.000
2026-07-26 23:23:58,405 | INFO | Detected language 'nn' with probability 0.35
2026-07-26 23:24:12,920 | INFO | Processing audio with duration 00:05.000
2026-07-26 23:24:13,622 | INFO | Detected language 'de' with probability 0.36
2026-07-26 23:24:18,337 | INFO | HTTP Request: POST http://127.0.0.1:11434/api/chat "HTTP/1.1 200 OK"
2026-07-26 23:24:45,521 | INFO | Processing audio with duration 00:05.000
2026-07-26 23:24:46,193 | INFO | Detected language 'en' with probability 0.63
2026-07-26 23:24:47,098 | INFO | Skill Executed: open_file
2026-07-26 23:24:52,961 | INFO | Processing audio with duration 00:05.000
2026-07-26 23:24:53,933 | INFO | Detected language 'nn' with probability 0.73
2026-07-26 23:25:07,071 | INFO | Processing audio with duration 00:05.000
2026-07-26 23:25:07,750 | INFO | Detected language 'de' with probability 0.61
2026-07-26 23:25:14,938 | INFO | Processing audio with duration 00:05.000
2026-07-26 23:25:15,646 | INFO | Detected language 'de' with probability 0.55
2026-07-26 23:25:16,591 | INFO | Skill Executed: open_file
2026-07-26 23:25:22,425 | INFO | Processing audio with duration 00:05.000
2026-07-26 23:25:23,125 | INFO | Detected language 'nn' with probability 0.59
2026-07-26 23:25:37,415 | INFO | Processing audio with duration 00:05.000
2026-07-26 23:25:38,101 | INFO | Detected language 'en' with probability 0.65
2026-07-26 23:25:43,100 | INFO | HTTP Request: POST http://127.0.0.1:11434/api/chat "HTTP/1.1 200 OK"
2026-07-26 23:26:16,252 | INFO | Processing audio with duration 00:05.000
2026-07-26 23:26:16,950 | INFO | Detected language 'en' with probability 0.84
2026-07-26 23:26:17,936 | INFO | Skill Executed: launch
2026-07-26 23:26:18,158 | INFO | Skill Executed: launch
2026-07-26 23:26:23,920 | INFO | Processing audio with duration 00:05.000
2026-07-26 23:26:24,619 | INFO | Detected language 'nn' with probability 0.47
2026-07-26 23:26:38,614 | INFO | Processing audio with duration 00:05.000
2026-07-26 23:26:39,280 | INFO | Detected language 'en' with probability 0.65
2026-07-26 23:26:45,537 | INFO | HTTP Request: POST http://127.0.0.1:11434/api/chat "HTTP/1.1 200 OK"
2026-07-26 23:27:23,286 | INFO | Processing audio with duration 00:05.000
2026-07-26 23:27:24,003 | INFO | Detected language 'en' with probability 0.64
2026-07-26 23:27:27,449 | INFO | HTTP Request: POST http://127.0.0.1:11434/api/chat "HTTP/1.1 200 OK"
2026-07-26 23:27:53,699 | INFO | Processing audio with duration 00:05.000
2026-07-26 23:27:54,495 | INFO | Detected language 'en' with probability 0.88
2026-07-26 23:27:57,553 | INFO | HTTP Request: POST http://127.0.0.1:11434/api/chat "HTTP/1.1 200 OK"
2026-07-26 23:28:17,648 | INFO | Processing audio with duration 00:05.000
2026-07-26 23:28:18,345 | INFO | Detected language 'en' with probability 0.61
2026-07-26 23:28:26,659 | INFO | HTTP Request: POST http://127.0.0.1:11434/api/chat "HTTP/1.1 200 OK"
2026-07-26 23:29:49,861 | INFO | Processing audio with duration 00:05.000
2026-07-26 23:29:50,534 | INFO | Detected language 'nn' with probability 0.35
2026-07-26 23:30:05,560 | INFO | Processing audio with duration 00:05.000
2026-07-26 23:30:06,276 | INFO | Detected language 'en' with probability 0.77
2026-07-26 23:30:14,669 | INFO | HTTP Request: POST http://127.0.0.1:11434/api/chat "HTTP/1.1 200 OK"
